MPLINK 4.49, Linker
Linker Map File - Created Sat Jan 05 09:46:45 1980

                                 Section Info
                  Section       Type    Address   Location Size(Bytes)
                ---------  ---------  ---------  ---------  ---------
                   .org_0       code   0x000000    program   0x000000
                   .org_1       code   0x000000    program   0x000030
  .config_2007_PROGRAMA.O       code   0x002007    program   0x000002



                              Program Memory Usage 
                               Start         End      
                           ---------   ---------      
                            0x000000    0x000017      
                            0x002007    0x002007      
            25 out of 8454 program addresses used, program memory utilization is 0%



                              Symbols - Sorted by Name
                     Name    Address   Location    Storage File                     
                ---------  ---------  ---------  --------- ---------                
                   Inicio   0x000000    program     static D:\misappsuctrl\pic\PWM-16F877\programa.asm
                     Main   0x000002    program     static D:\misappsuctrl\pic\PWM-16F877\programa.asm
                SeteaGPIO   0x000003    program     static D:\misappsuctrl\pic\PWM-16F877\programa.asm
                 SeteaPWM   0x000006    program     static D:\misappsuctrl\pic\PWM-16F877\programa.asm



                              Symbols - Sorted by Address
                     Name    Address   Location    Storage File                     
                ---------  ---------  ---------  --------- ---------                
                   Inicio   0x000000    program     static D:\misappsuctrl\pic\PWM-16F877\programa.asm
                     Main   0x000002    program     static D:\misappsuctrl\pic\PWM-16F877\programa.asm
                SeteaGPIO   0x000003    program     static D:\misappsuctrl\pic\PWM-16F877\programa.asm
                 SeteaPWM   0x000006    program     static D:\misappsuctrl\pic\PWM-16F877\programa.asm


