

Microchip MPLAB XC8 Assembler V2.50 build 20240725155939 
                                                                                               Sat Oct 26 16:59:09 2024

Microchip MPLAB XC8 C Compiler v2.50 (Free license) build 20240725155939 Og1 
     1                           	processor	16F84A
     2                           	pagewidth 120
     3                           	opt	flic
     4                           	psect	cinit,global,class=CODE,space=0,merge=1,delta=2
     5                           	psect	cstackCOMMON,global,class=COMMON,space=1,delta=1,noexec
     6                           	psect	cstackBANK0,global,class=BANK0,space=1,delta=1,noexec
     7                           	psect	maintext,global,class=CODE,space=0,split=1,delta=2
     8                           	psect	config,global,abs,ovrld,class=CONFIG,space=4,delta=2,noexec
     9                           	dabs	1,0x4E,2
    10     0000                     
    11                           ; Generated 12/10/2023 GMT
    12                           ; 
    13                           ; Copyright © 2023, Microchip Technology Inc. and its subsidiaries ("Microchip")
    14                           ; All rights reserved.
    15                           ; 
    16                           ; This software is developed by Microchip Technology Inc. and its subsidiaries ("Microch
      +                          ip").
    17                           ; 
    18                           ; Redistribution and use in source and binary forms, with or without modification, are
    19                           ; permitted provided that the following conditions are met:
    20                           ; 
    21                           ;     1. Redistributions of source code must retain the above copyright notice, this lis
      +                          t of
    22                           ;        conditions and the following disclaimer.
    23                           ; 
    24                           ;     2. Redistributions in binary form must reproduce the above copyright notice, this 
      +                          list
    25                           ;        of conditions and the following disclaimer in the documentation and/or other
    26                           ;        materials provided with the distribution. Publication is not required when
    27                           ;        this file is used in an embedded application.
    28                           ; 
    29                           ;     3. Microchip's name may not be used to endorse or promote products derived from th
      +                          is
    30                           ;        software without specific prior written permission.
    31                           ; 
    32                           ; THIS SOFTWARE IS PROVIDED BY MICROCHIP "AS IS" AND ANY EXPRESS OR IMPLIED WARRANTIES,
    33                           ; INCLUDING, BUT NOT LIMITED TO, THE IMPLIED WARRANTIES OF MERCHANTABILITY AND FITNESS F
      +                          OR
    34                           ; PURPOSE ARE DISCLAIMED.  IN NO EVENT SHALL MICROCHIP BE LIABLE FOR ANY DIRECT, INDIREC
      +                          T,
    35                           ; INCIDENTAL, SPECIAL, EXEMPLARY, OR CONSEQUENTIAL DAMAGES (INCLUDING BUT NOT LIMITED TO
    36                           ; PROCUREMENT OF SUBSTITUTE GOODS OR SERVICES; LOSS OF USE, DATA OR PROFITS; OR BUSINESS
    37                           ; INTERRUPTION) HOWSOEVER CAUSED AND ON ANY THEORY OF LIABILITY, WHETHER IN CONTRACT, ST
      +                          RICT
    38                           ; LIABILITY, OR TORT (INCLUDING NEGLIGENCE OR OTHERWISE) ARISING IN ANY WAY OUT OF THE U
      +                          SE OF
    39                           ; THIS SOFTWARE, EVEN IF ADVISED OF THE POSSIBILITY OF SUCH DAMAGE.
    40                           ; 
    41                           ; 
    42                           ; Code-generator required, PIC16F84A Definitions
    43                           ; 
    44                           ; SFR Addresses
    45     0004                     fsr             equ	4
    46     0004                     fsr0            equ	4
    47     0000                     indf            equ	0
    48     0000                     indf0           equ	0
    49     0002                     pc              equ	2
    50     0002                     pcl             equ	2
    51     000A                     pclath          equ	10
    52     0003                     status          equ	3
    53     0000                     INDF            equ	0	;# 
    54     0001                     TMR0            equ	1	;# 
    55     0002                     PCL             equ	2	;# 
    56     0003                     STATUS          equ	3	;# 
    57     0004                     FSR             equ	4	;# 
    58     0005                     PORTA           equ	5	;# 
    59     0006                     PORTB           equ	6	;# 
    60     0008                     EEDATA          equ	8	;# 
    61     0009                     EEADR           equ	9	;# 
    62     000A                     PCLATH          equ	10	;# 
    63     000B                     INTCON          equ	11	;# 
    64     0081                     OPTION_REG      equ	129	;# 
    65     0085                     TRISA           equ	133	;# 
    66     0086                     TRISB           equ	134	;# 
    67     0088                     EECON1          equ	136	;# 
    68     0089                     EECON2          equ	137	;# 
    69     0000                     INDF            equ	0	;# 
    70     0001                     TMR0            equ	1	;# 
    71     0002                     PCL             equ	2	;# 
    72     0003                     STATUS          equ	3	;# 
    73     0004                     FSR             equ	4	;# 
    74     0005                     PORTA           equ	5	;# 
    75     0006                     PORTB           equ	6	;# 
    76     0008                     EEDATA          equ	8	;# 
    77     0009                     EEADR           equ	9	;# 
    78     000A                     PCLATH          equ	10	;# 
    79     000B                     INTCON          equ	11	;# 
    80     0081                     OPTION_REG      equ	129	;# 
    81     0085                     TRISA           equ	133	;# 
    82     0086                     TRISB           equ	134	;# 
    83     0088                     EECON1          equ	136	;# 
    84     0089                     EECON2          equ	137	;# 
    85     0081                     _OPTION_REGbits set	129
    86     0086                     _TRISB          set	134
    87     0085                     _TRISA          set	133
    88                           
    89                           	psect	cinit
    90     03FE                     start_initialization:	
    91                           ; #config settings
    92                           
    93     03FE                     __initialization:
    94     03FE                     end_of_initialization:	
    95                           ;End of C runtime variable initialization code
    96                           
    97     03FE                     __end_of__initialization:
    98     03FE  0183               	clrf	3
    99     03FF  2BF4               	ljmp	_main	;jump to C main() function
   100                           
   101                           	psect	cstackCOMMON
   102     0000                     __pcstackCOMMON:
   103     0000                     ??_main:
   104                           
   105                           	psect	cstackBANK0
   106     0000                     __pcstackBANK0:	
   107                           ; 1 bytes @ 0x0
   108                           
   109     0000                     ?_main:
   110                           
   111                           	psect	maintext
   112     03F4                     __pmaintext:	
   113                           ; 1 bytes @ 0x0
   114 ;;
   115 ;;Main: autosize = 0, tempsize = 0, incstack = 0, save=0
   116 ;;
   117 ;; *************** function _main *****************
   118 ;; Defined at:
   119 ;;		line 20 in file "E:/microController/pic/Puertos16F84CPP.X/newmain.c"
   120 ;; Parameters:    Size  Location     Type
   121 ;;		None
   122 ;; Auto vars:     Size  Location     Type
   123 ;;		None
   124 ;; Return value:  Size  Location     Type
   125 ;;                  1    wreg      void 
   126 ;; Registers used:
   127 ;;		status,2
   128 ;; Tracked objects:
   129 ;;		On entry : B00/0
   130 ;;		On exit  : 0/0
   131 ;;		Unchanged: 0/0
   132 ;; Data sizes:     COMMON   BANK0
   133 ;;      Params:         0       0
   134 ;;      Locals:         0       0
   135 ;;      Temps:          0       0
   136 ;;      Totals:         0       0
   137 ;;Total ram usage:        0 bytes
   138 ;; This function calls:
   139 ;;		Nothing
   140 ;; This function is called by:
   141 ;;		Startup code after reset
   142 ;; This function uses a non-reentrant model
   143 ;;
   144                           
   145     03F4                     _main:	
   146                           ;psect for function _main
   147                           
   148     03F4                     l569:	
   149                           ;incstack = 0
   150                           ; Regs used in _main: [status,2]
   151                           
   152                           
   153                           ;E:/microController/pic/Puertos16F84CPP.X/newmain.c: 29:     TRISA = 0;
   154     03F4  1683               	bsf	3,5	;RP0=1, select bank1
   155     03F5  0185               	clrf	5	;volatile
   156     03F6                     l571:
   157                           
   158                           ;E:/microController/pic/Puertos16F84CPP.X/newmain.c: 30:     TRISB = 255;
   159     03F6  30FF               	movlw	255
   160     03F7  0086               	movwf	6	;volatile
   161     03F8                     l573:
   162                           
   163                           ;E:/microController/pic/Puertos16F84CPP.X/newmain.c: 36:     OPTION_REGbits.nRBPU = 0;
   164     03F8  1381               	bcf	1,7	;volatile
   165     03F9  0000               	nop	;# 
   166     03FA                     l14:	
   167                           ;E:/microController/pic/Puertos16F84CPP.X/newmain.c: 39:     while(1){
   168                           
   169     03FA  0000               	nop	;# 
   170     03FB  0000               	nop	;# 
   171     03FC  2BFA               	goto	l14
   172     03FD  2800               	ljmp	start
   173     03FE                     __end_of_main:
   174     0000                     ___latbits      equ	0
   175     004E                     btemp           set	78	;btemp
   176     004E                     wtemp0          set	78
   177                           
   178                           	psect	config
   179                           
   180                           ;Config register CONFIG @ 0x2007
   181                           ;	Oscillator Selection bits
   182                           ;	FOSC = XT, XT oscillator
   183                           ;	Watchdog Timer
   184                           ;	WDTE = OFF, WDT disabled
   185                           ;	Power-up Timer Enable bit
   186                           ;	PWRTE = ON, Power-up Timer is enabled
   187                           ;	Code Protection bit
   188                           ;	CP = OFF, Code protection disabled
   189     2007                     	org	8199
   190     2007  3FF1               	dw	16369

Data Sizes:
    Strings     0
    Constant    0
    Data        0
    BSS         0
    Persistent  0
    Stack       0

Auto Spaces:
    Space          Size  Autos    Used
    COMMON            0      0       0
    BANK0            66      0       0

Pointer List with Targets:

    None.

Critical Paths under _main in COMMON

    None.

Critical Paths under _main in BANK0

    None.

Call Graph Tables:

 ---------------------------------------------------------------------------------
 (Depth) Function   	        Calls       Base Space   Used Autos Params    Refs
 ---------------------------------------------------------------------------------
 (0) _main                                                 0     0      0       0
 ---------------------------------------------------------------------------------
 Estimated maximum stack depth 0
 ---------------------------------------------------------------------------------

 Call Graph Graphs:

 _main (ROOT)

Address spaces:
Name               Size   Autos  Total    Usage
BITCOMMON            0      0       0      0.0%
BITBANK0            66      0       0      0.0%
COMMON               0      0       0      0.0%
BANK0               66      0       0      0.0%
STACK                0      0       0      0.0%
DATA                 0      0       0      0.0%


Microchip Technology PIC Macro Assembler V2.50 build 20240725155939 
Symbol Table                                                                                   Sat Oct 26 16:59:09 2024

                     l14 03FA                      l571 03F6                      l573 03F8  
                    l569 03F4                     _main 03F4                     btemp 004E  
                   start 0000                    ?_main 0000                    _TRISA 0085  
                  _TRISB 0086                    status 0003                    wtemp0 004E  
        __initialization 03FE             __end_of_main 03FE                   ??_main 0000  
__end_of__initialization 03FE           __pcstackCOMMON 0000           _OPTION_REGbits 0081  
             __pmaintext 03F4     end_of_initialization 03FE      start_initialization 03FE  
              ___latbits 0000            __pcstackBANK0 0000  
