MPASM  5.51                     INFRAROJO.ASM   1-4-1980  23:11:36         PAGE  1


LOC  OBJECT CODE     LINE SOURCE TEXT
  VALUE

                      00001 ;*********************************************************************
                      00002 ;DATOS****************************************************************
2007   3FF1           00003                 __CONFIG _CP_OFF & _WDT_OFF & _PWRTE_ON & _XT_OSC
                      00004 
                      00005                 LIST P=16F877A
                      00006                 INCLUDE <P16F77.INC>
                      00001         LIST
                      00002 
                      00003 ;==========================================================================
                      00004 ;  MPASM PIC16F77 processor include
                      00005 ; 
                      00006 ;  (c) Copyright 1999-2013 Microchip Technology, All rights reserved
                      00007 ;==========================================================================
                      00008 
Message[301]: MESSAGE: (Processor-header file mismatch.  Verify selected processor.)
                      00496         LIST
                      00007                 
                      00008                 CBLOCK 0x20                                     ; RAM para el usuario
  00000020            00009                         Guarda_W
  00000021            00010                         Guarda_STATUS
  00000022            00011                         tiempoBurst
  00000023            00012                         tiempoSpace
                      00013                 ENDC
                      00014 
                      00015 ;CODIGO****************************************************************
                      00016                         INCLUDE <macrosapz.inc>
                      00001 ;****************Libreria MACROS.INC****************************
                      00002 SetearTmps      MACRO   tiempoUNO, tiempoDOS, CrearOnda
                      00003                 bcf             STATUS, RP0
                      00004                 movlw   tiempoUNO
                      00005                 movwf   tiempoBurst
                      00006                 movlw   tiempoDOS
                      00007                 movwf   tiempoSpace
                      00008                 call    CrearOnda
                      00009                 ;goto   destino
Warning[205]: Found directive in column 1. (ENDM)
                      00010 ENDM
                      00011 
                      00012 SETF    MACRO   registro
                      00013                 movlw   0xFF
                      00014                 movwf   registro
Warning[205]: Found directive in column 1. (ENDM)
                      00015 ENDM
0000                  00017                         ORG             0                                       ; Programa alojado en RO
                            M
0000   2805           00018                         goto    Inicio
0004                  00019                         ORG             4
0004   2847           00020                         goto    SrvInterup
                      00021                         
0005                  00022 Inicio:         
0005   2011           00023                         call    InicializarPORTA                        ; PortA como salidas
0006   201C           00024                         call    InicializarPORTB                        ; PORTB como entradas
0007   200B           00025                         call    InicializarTMR0
MPASM  5.51                     INFRAROJO.ASM   1-4-1980  23:11:36         PAGE  2


LOC  OBJECT CODE     LINE SOURCE TEXT
  VALUE

0008   1283           00026                         bcf             STATUS, RP0
                      00027 
0009   0000           00028 BucleInf:       nop
000A   2809           00029                         goto    BucleInf
                      00030                                                 
                      00031 ;SUBRUTINAS************************************************************
000B                  00032 InicializarTMR0:        
000B   1683 1303      00033                         banksel OPTION_REG
000D   3005           00034                         movlw   b'00000101'                     ;Prescaler
Message[302]: Register in operand not in bank 0.  Ensure that bank bits are correct.
000E   0081           00035                         movwf   OPTION_REG
Message[302]: Register in operand not in bank 0.  Ensure that bank bits are correct.
000F   1681           00036                         bsf             OPTION_REG, T0CS        ;Pausa timer0
0010   0008           00037                         return
                      00038                         
0011                  00039 InicializarPORTA:
0011   1683 1303      00040                         banksel ADCON1          ; TurnOff
0013   3006           00041                         movlw   0x06            ; ADC
Message[302]: Register in operand not in bank 0.  Ensure that bank bits are correct.
0014   009F           00042                         movwf   ADCON1          ; 
                      00043                         
0015   1683 1303      00044                         banksel TRISA
Message[302]: Register in operand not in bank 0.  Ensure that bank bits are correct.
0017   0185           00045                         clrf    TRISA
0018   1283 1303      00046                         banksel PORTA
001A   0185           00047                         clrf    PORTA
001B   0008           00048                         return
                      00049                         
001C                  00050 InicializarPORTB:
                      00051                         SETF    TRISB
001C   30FF               M                 movlw   0xFF
Message[302]: Register in operand not in bank 0.  Ensure that bank bits are correct.
001D   0086               M                 movwf   TRISB
001E   1683 1303      00052                         banksel OPTION_REG
Message[302]: Register in operand not in bank 0.  Ensure that bank bits are correct.
0020   1381           00053                         bcf             OPTION_REG, NOT_RBPU
Message[302]: Register in operand not in bank 0.  Ensure that bank bits are correct.
0021   1301           00054                         bcf             OPTION_REG, INTEDG
0022   3090           00055                         movlw   b'10010000'     ; Enable interrupcion
0023   008B           00056                         movwf   INTCON
0024   0008           00057                         return
                      00058 
0025                  00059 SetearTMR0burst:
0025   1283 1303      00060                         banksel TMR0
0027   0822           00061                         movfw   tiempoBurst
0028   0081           00062                         movwf   TMR0
0029   1683 1303      00063                         banksel OPTION_REG
Message[302]: Register in operand not in bank 0.  Ensure that bank bits are correct.
002B   1281           00064                         bcf             OPTION_REG, T0CS        ;Play timer0
002C   1D0B           00065 BucleBurst:     btfss   INTCON, T0IF
002D   282C           00066                         goto    BucleBurst
002E   110B           00067                         bcf             INTCON, T0IF
002F   0008           00068                         return
MPASM  5.51                     INFRAROJO.ASM   1-4-1980  23:11:36         PAGE  3


LOC  OBJECT CODE     LINE SOURCE TEXT
  VALUE

                      00069                         
0030                  00070 SetearTMR0space:
0030   1283 1303      00071                         banksel TMR0
0032   0823           00072                         movfw   tiempoSpace
0033   0081           00073                         movwf   TMR0
0034   1683 1303      00074                         banksel OPTION_REG
Message[302]: Register in operand not in bank 0.  Ensure that bank bits are correct.
0036   1281           00075                         bcf             OPTION_REG, T0CS        ;Play timer0
0037   1283 1303      00076                         banksel INTCON
0039   1D0B           00077 BucleSpace:     btfss   INTCON, T0IF
003A   2839           00078                         goto    BucleSpace
003B   110B           00079                         bcf             INTCON, T0IF
003C   0008           00080                         return
                      00081 
003D                  00082 CrearOnda:
003D   1283 1303      00083                         banksel PORTA
                      00084                         SETF    PORTA                           ;poner pin en alto
003F   30FF               M                 movlw   0xFF
0040   0085               M                 movwf   PORTA
0041   2025           00085                         call    SetearTMR0burst         ;esperar tantos segundos
0042   1283 1303      00086                         banksel PORTA
0044   0185           00087                         clrf    PORTA                           ;poner pin en bajo
0045   2030           00088                         call    SetearTMR0space         ;esperar tantos segundos
0046   0008           00089                         return
                      00090                         
                      00091 ;SERVICIO INTERRUPCION*************************************************
0047                  00092 SrvInterup:     
0047   00A0           00093                         movwf   Guarda_W                        ;Guardar W y STATUS
0048   0E03           00094                         swapf   STATUS, W                       ;para que esten
0049   00A1           00095                         movwf   Guarda_STATUS           ;inalterados
004A   1283           00096                         bcf             STATUS, RP0                     ;al volver
                      00097                         
004B   188B           00098                         btfsc   INTCON, INTF                    ;Determinar
004C   205D           00099                         call    Interrupcion_INT                ;la
004D   180B           00100                         btfsc   INTCON, RBIF                    ;causa
004E   212A           00101                         call    Interrupcion_RBI                ;de
004F   190B           00102                         btfsc   INTCON, T0IF                    ;la
0050   212C           00103                         call    Interrupcion_T0I                ;interrupcion
                      00104                         
0051   0E21           00105                         swapf   Guarda_STATUS, W        ;restaurar contenido
0052   0083           00106                         movwf   STATUS                          ;de registros
0053   0EA0           00107                         swapf   Guarda_W, F                     ;antes de
0054   0E20           00108                         swapf   Guarda_W, W                     ;volver
                      00109                         
0055   108B           00110                         bcf             INTCON, INTF                    ;Borrar flags
0056   0886           00111                         movf    PORTB, F                                ;causantes
0057   100B           00112                         bcf             INTCON, RBIF                    ;de las
0058   110B           00113                         bcf             INTCON, T0IF                    ;interrupciones
0059   1683 1303      00114                         banksel OPTION_REG
Message[302]: Register in operand not in bank 0.  Ensure that bank bits are correct.
005B   1681           00115                         bsf             OPTION_REG, T0CS                ;Pausa timer0
005C   0009           00116                         retfie                                                  ;Regresa y reHabilita in
                            terrupcion
MPASM  5.51                     INFRAROJO.ASM   1-4-1980  23:11:36         PAGE  4


LOC  OBJECT CODE     LINE SOURCE TEXT
  VALUE

                      00117                         
005D                  00118 Interrupcion_INT:               ;20DF10EF   00100000 11011111   00010000 11101111
                      00119                         SetearTmps      d'115', d'185', CrearOnda       ;INICIO burst 9000us y espacio 4
                            500us
005D   1283               M                 bcf             STATUS, RP0
005E   3073               M                 movlw   d'115'
005F   00A2               M                 movwf   tiempoBurst
0060   30B9               M                 movlw   d'185'
0061   00A3               M                 movwf   tiempoSpace
0062   203D               M                 call    CrearOnda
                          M                 ;goto   destino
                      00120                         
                      00121                         SetearTmps      d'247', d'247', CrearOnda       ;ZERO   burst 562us y espacio 56
                            2us
0063   1283               M                 bcf             STATUS, RP0
0064   30F7               M                 movlw   d'247'
0065   00A2               M                 movwf   tiempoBurst
0066   30F7               M                 movlw   d'247'
0067   00A3               M                 movwf   tiempoSpace
0068   203D               M                 call    CrearOnda
                          M                 ;goto   destino
                      00122                         SetearTmps      d'247', d'247', CrearOnda       ;ZERO   burst 562us y espacio 56
                            2us
0069   1283               M                 bcf             STATUS, RP0
006A   30F7               M                 movlw   d'247'
006B   00A2               M                 movwf   tiempoBurst
006C   30F7               M                 movlw   d'247'
006D   00A3               M                 movwf   tiempoSpace
006E   203D               M                 call    CrearOnda
                          M                 ;goto   destino
                      00123                         SetearTmps      d'247', d'229', CrearOnda       ;UNO    burst 562us y espacio 16
                            87us
006F   1283               M                 bcf             STATUS, RP0
0070   30F7               M                 movlw   d'247'
0071   00A2               M                 movwf   tiempoBurst
0072   30E5               M                 movlw   d'229'
0073   00A3               M                 movwf   tiempoSpace
0074   203D               M                 call    CrearOnda
                          M                 ;goto   destino
                      00124                         SetearTmps      d'247', d'247', CrearOnda       ;ZERO   burst 562us y espacio 56
                            2us
0075   1283               M                 bcf             STATUS, RP0
0076   30F7               M                 movlw   d'247'
0077   00A2               M                 movwf   tiempoBurst
0078   30F7               M                 movlw   d'247'
0079   00A3               M                 movwf   tiempoSpace
007A   203D               M                 call    CrearOnda
                          M                 ;goto   destino
                      00125                         SetearTmps      d'247', d'247', CrearOnda       ;ZERO   burst 562us y espacio 56
                            2us
007B   1283               M                 bcf             STATUS, RP0
007C   30F7               M                 movlw   d'247'
007D   00A2               M                 movwf   tiempoBurst
MPASM  5.51                     INFRAROJO.ASM   1-4-1980  23:11:36         PAGE  5


LOC  OBJECT CODE     LINE SOURCE TEXT
  VALUE

007E   30F7               M                 movlw   d'247'
007F   00A3               M                 movwf   tiempoSpace
0080   203D               M                 call    CrearOnda
                          M                 ;goto   destino
                      00126                         SetearTmps      d'247', d'247', CrearOnda       ;ZERO   burst 562us y espacio 56
                            2us
0081   1283               M                 bcf             STATUS, RP0
0082   30F7               M                 movlw   d'247'
0083   00A2               M                 movwf   tiempoBurst
0084   30F7               M                 movlw   d'247'
0085   00A3               M                 movwf   tiempoSpace
0086   203D               M                 call    CrearOnda
                          M                 ;goto   destino
                      00127                         SetearTmps      d'247', d'247', CrearOnda       ;ZERO   burst 562us y espacio 56
                            2us
0087   1283               M                 bcf             STATUS, RP0
0088   30F7               M                 movlw   d'247'
0089   00A2               M                 movwf   tiempoBurst
008A   30F7               M                 movlw   d'247'
008B   00A3               M                 movwf   tiempoSpace
008C   203D               M                 call    CrearOnda
                          M                 ;goto   destino
                      00128                         SetearTmps      d'247', d'247', CrearOnda       ;ZERO   burst 562us y espacio 56
                            2us
008D   1283               M                 bcf             STATUS, RP0
008E   30F7               M                 movlw   d'247'
008F   00A2               M                 movwf   tiempoBurst
0090   30F7               M                 movlw   d'247'
0091   00A3               M                 movwf   tiempoSpace
0092   203D               M                 call    CrearOnda
                          M                 ;goto   destino
                      00129                         
                      00130                         SetearTmps      d'247', d'229', CrearOnda       ;UNO    burst 562us y espacio 16
                            87us
0093   1283               M                 bcf             STATUS, RP0
0094   30F7               M                 movlw   d'247'
0095   00A2               M                 movwf   tiempoBurst
0096   30E5               M                 movlw   d'229'
0097   00A3               M                 movwf   tiempoSpace
0098   203D               M                 call    CrearOnda
                          M                 ;goto   destino
                      00131                         SetearTmps      d'247', d'229', CrearOnda       ;UNO    burst 562us y espacio 16
                            87us
0099   1283               M                 bcf             STATUS, RP0
009A   30F7               M                 movlw   d'247'
009B   00A2               M                 movwf   tiempoBurst
009C   30E5               M                 movlw   d'229'
009D   00A3               M                 movwf   tiempoSpace
009E   203D               M                 call    CrearOnda
                          M                 ;goto   destino
                      00132                         SetearTmps      d'247', d'247', CrearOnda       ;ZERO   burst 562us y espacio 56
                            2us
009F   1283               M                 bcf             STATUS, RP0
MPASM  5.51                     INFRAROJO.ASM   1-4-1980  23:11:36         PAGE  6


LOC  OBJECT CODE     LINE SOURCE TEXT
  VALUE

00A0   30F7               M                 movlw   d'247'
00A1   00A2               M                 movwf   tiempoBurst
00A2   30F7               M                 movlw   d'247'
00A3   00A3               M                 movwf   tiempoSpace
00A4   203D               M                 call    CrearOnda
                          M                 ;goto   destino
                      00133                         SetearTmps      d'247', d'229', CrearOnda       ;UNO    burst 562us y espacio 16
                            87us
00A5   1283               M                 bcf             STATUS, RP0
00A6   30F7               M                 movlw   d'247'
00A7   00A2               M                 movwf   tiempoBurst
00A8   30E5               M                 movlw   d'229'
00A9   00A3               M                 movwf   tiempoSpace
00AA   203D               M                 call    CrearOnda
                          M                 ;goto   destino
                      00134                         SetearTmps      d'247', d'229', CrearOnda       ;UNO    burst 562us y espacio 16
                            87us
00AB   1283               M                 bcf             STATUS, RP0
00AC   30F7               M                 movlw   d'247'
00AD   00A2               M                 movwf   tiempoBurst
00AE   30E5               M                 movlw   d'229'
00AF   00A3               M                 movwf   tiempoSpace
00B0   203D               M                 call    CrearOnda
                          M                 ;goto   destino
                      00135                         SetearTmps      d'247', d'229', CrearOnda       ;UNO    burst 562us y espacio 16
                            87us
00B1   1283               M                 bcf             STATUS, RP0
00B2   30F7               M                 movlw   d'247'
00B3   00A2               M                 movwf   tiempoBurst
00B4   30E5               M                 movlw   d'229'
00B5   00A3               M                 movwf   tiempoSpace
00B6   203D               M                 call    CrearOnda
                          M                 ;goto   destino
                      00136                         SetearTmps      d'247', d'229', CrearOnda       ;UNO    burst 562us y espacio 16
                            87us
00B7   1283               M                 bcf             STATUS, RP0
00B8   30F7               M                 movlw   d'247'
00B9   00A2               M                 movwf   tiempoBurst
00BA   30E5               M                 movlw   d'229'
00BB   00A3               M                 movwf   tiempoSpace
00BC   203D               M                 call    CrearOnda
                          M                 ;goto   destino
                      00137                         SetearTmps      d'247', d'229', CrearOnda       ;UNO    burst 562us y espacio 16
                            87us
00BD   1283               M                 bcf             STATUS, RP0
00BE   30F7               M                 movlw   d'247'
00BF   00A2               M                 movwf   tiempoBurst
00C0   30E5               M                 movlw   d'229'
00C1   00A3               M                 movwf   tiempoSpace
00C2   203D               M                 call    CrearOnda
                          M                 ;goto   destino
                      00138                         
                      00139                         SetearTmps      d'247', d'247', CrearOnda       ;ZERO   burst 562us y espacio 56
MPASM  5.51                     INFRAROJO.ASM   1-4-1980  23:11:36         PAGE  7


LOC  OBJECT CODE     LINE SOURCE TEXT
  VALUE

                            2us
00C3   1283               M                 bcf             STATUS, RP0
00C4   30F7               M                 movlw   d'247'
00C5   00A2               M                 movwf   tiempoBurst
00C6   30F7               M                 movlw   d'247'
00C7   00A3               M                 movwf   tiempoSpace
00C8   203D               M                 call    CrearOnda
                          M                 ;goto   destino
                      00140                         SetearTmps      d'247', d'247', CrearOnda       ;ZERO   burst 562us y espacio 56
                            2us
00C9   1283               M                 bcf             STATUS, RP0
00CA   30F7               M                 movlw   d'247'
00CB   00A2               M                 movwf   tiempoBurst
00CC   30F7               M                 movlw   d'247'
00CD   00A3               M                 movwf   tiempoSpace
00CE   203D               M                 call    CrearOnda
                          M                 ;goto   destino
                      00141                         SetearTmps      d'247', d'247', CrearOnda       ;ZERO   burst 562us y espacio 56
                            2us
00CF   1283               M                 bcf             STATUS, RP0
00D0   30F7               M                 movlw   d'247'
00D1   00A2               M                 movwf   tiempoBurst
00D2   30F7               M                 movlw   d'247'
00D3   00A3               M                 movwf   tiempoSpace
00D4   203D               M                 call    CrearOnda
                          M                 ;goto   destino
                      00142                         SetearTmps      d'247', d'229', CrearOnda       ;UNO    burst 562us y espacio 16
                            87us
00D5   1283               M                 bcf             STATUS, RP0
00D6   30F7               M                 movlw   d'247'
00D7   00A2               M                 movwf   tiempoBurst
00D8   30E5               M                 movlw   d'229'
00D9   00A3               M                 movwf   tiempoSpace
00DA   203D               M                 call    CrearOnda
                          M                 ;goto   destino
                      00143                         SetearTmps      d'247', d'247', CrearOnda       ;ZERO   burst 562us y espacio 56
                            2us
00DB   1283               M                 bcf             STATUS, RP0
00DC   30F7               M                 movlw   d'247'
00DD   00A2               M                 movwf   tiempoBurst
00DE   30F7               M                 movlw   d'247'
00DF   00A3               M                 movwf   tiempoSpace
00E0   203D               M                 call    CrearOnda
                          M                 ;goto   destino
                      00144                         SetearTmps      d'247', d'247', CrearOnda       ;ZERO   burst 562us y espacio 56
                            2us
00E1   1283               M                 bcf             STATUS, RP0
00E2   30F7               M                 movlw   d'247'
00E3   00A2               M                 movwf   tiempoBurst
00E4   30F7               M                 movlw   d'247'
00E5   00A3               M                 movwf   tiempoSpace
00E6   203D               M                 call    CrearOnda
                          M                 ;goto   destino
MPASM  5.51                     INFRAROJO.ASM   1-4-1980  23:11:36         PAGE  8


LOC  OBJECT CODE     LINE SOURCE TEXT
  VALUE

                      00145                         SetearTmps      d'247', d'247', CrearOnda       ;ZERO   burst 562us y espacio 56
                            2us
00E7   1283               M                 bcf             STATUS, RP0
00E8   30F7               M                 movlw   d'247'
00E9   00A2               M                 movwf   tiempoBurst
00EA   30F7               M                 movlw   d'247'
00EB   00A3               M                 movwf   tiempoSpace
00EC   203D               M                 call    CrearOnda
                          M                 ;goto   destino
                      00146                         SetearTmps      d'247', d'247', CrearOnda       ;ZERO   burst 562us y espacio 56
                            2us
00ED   1283               M                 bcf             STATUS, RP0
00EE   30F7               M                 movlw   d'247'
00EF   00A2               M                 movwf   tiempoBurst
00F0   30F7               M                 movlw   d'247'
00F1   00A3               M                 movwf   tiempoSpace
00F2   203D               M                 call    CrearOnda
                          M                 ;goto   destino
                      00147                         
                      00148                         SetearTmps      d'247', d'229', CrearOnda       ;UNO    burst 562us y espacio 16
                            87us
00F3   1283               M                 bcf             STATUS, RP0
00F4   30F7               M                 movlw   d'247'
00F5   00A2               M                 movwf   tiempoBurst
00F6   30E5               M                 movlw   d'229'
00F7   00A3               M                 movwf   tiempoSpace
00F8   203D               M                 call    CrearOnda
                          M                 ;goto   destino
                      00149                         SetearTmps      d'247', d'229', CrearOnda       ;UNO    burst 562us y espacio 16
                            87us
00F9   1283               M                 bcf             STATUS, RP0
00FA   30F7               M                 movlw   d'247'
00FB   00A2               M                 movwf   tiempoBurst
00FC   30E5               M                 movlw   d'229'
00FD   00A3               M                 movwf   tiempoSpace
00FE   203D               M                 call    CrearOnda
                          M                 ;goto   destino
                      00150                         SetearTmps      d'247', d'229', CrearOnda       ;UNO    burst 562us y espacio 16
                            87us
00FF   1283               M                 bcf             STATUS, RP0
0100   30F7               M                 movlw   d'247'
0101   00A2               M                 movwf   tiempoBurst
0102   30E5               M                 movlw   d'229'
0103   00A3               M                 movwf   tiempoSpace
0104   203D               M                 call    CrearOnda
                          M                 ;goto   destino
                      00151                         SetearTmps      d'247', d'247', CrearOnda       ;ZERO   burst 562us y espacio 56
                            2us
0105   1283               M                 bcf             STATUS, RP0
0106   30F7               M                 movlw   d'247'
0107   00A2               M                 movwf   tiempoBurst
0108   30F7               M                 movlw   d'247'
0109   00A3               M                 movwf   tiempoSpace
MPASM  5.51                     INFRAROJO.ASM   1-4-1980  23:11:36         PAGE  9


LOC  OBJECT CODE     LINE SOURCE TEXT
  VALUE

010A   203D               M                 call    CrearOnda
                          M                 ;goto   destino
                      00152                         SetearTmps      d'247', d'229', CrearOnda       ;UNO    burst 562us y espacio 16
                            87us
010B   1283               M                 bcf             STATUS, RP0
010C   30F7               M                 movlw   d'247'
010D   00A2               M                 movwf   tiempoBurst
010E   30E5               M                 movlw   d'229'
010F   00A3               M                 movwf   tiempoSpace
0110   203D               M                 call    CrearOnda
                          M                 ;goto   destino
                      00153                         SetearTmps      d'247', d'229', CrearOnda       ;UNO    burst 562us y espacio 16
                            87us
0111   1283               M                 bcf             STATUS, RP0
0112   30F7               M                 movlw   d'247'
0113   00A2               M                 movwf   tiempoBurst
0114   30E5               M                 movlw   d'229'
0115   00A3               M                 movwf   tiempoSpace
0116   203D               M                 call    CrearOnda
                          M                 ;goto   destino
                      00154                         SetearTmps      d'247', d'229', CrearOnda       ;UNO    burst 562us y espacio 16
                            87us
0117   1283               M                 bcf             STATUS, RP0
0118   30F7               M                 movlw   d'247'
0119   00A2               M                 movwf   tiempoBurst
011A   30E5               M                 movlw   d'229'
011B   00A3               M                 movwf   tiempoSpace
011C   203D               M                 call    CrearOnda
                          M                 ;goto   destino
                      00155                         SetearTmps      d'247', d'229', CrearOnda       ;UNO    burst 562us y espacio 16
                            87us
011D   1283               M                 bcf             STATUS, RP0
011E   30F7               M                 movlw   d'247'
011F   00A2               M                 movwf   tiempoBurst
0120   30E5               M                 movlw   d'229'
0121   00A3               M                 movwf   tiempoSpace
0122   203D               M                 call    CrearOnda
                          M                 ;goto   destino
                      00156                         
                      00157                         SetearTmps      d'247', d'0', CrearOnda ;PARADA burst 562us y espacio 562us
0123   1283               M                 bcf             STATUS, RP0
0124   30F7               M                 movlw   d'247'
0125   00A2               M                 movwf   tiempoBurst
0126   3000               M                 movlw   d'0'
0127   00A3               M                 movwf   tiempoSpace
0128   203D               M                 call    CrearOnda
                          M                 ;goto   destino
0129   0008           00158                         return
                      00159                         
012A                  00160 Interrupcion_RBI:                       
012A   0000           00161                         nop                     
012B   0008           00162                         return
                      00163                         
MPASM  5.51                     INFRAROJO.ASM   1-4-1980  23:11:36         PAGE 10


LOC  OBJECT CODE     LINE SOURCE TEXT
  VALUE

012C                  00164 Interrupcion_T0I:
012C   0000           00165                         nop
012D   0008           00166                         return
                      00167                         
                      00168                         END
MPASM  5.51                     INFRAROJO.ASM   1-4-1980  23:11:36         PAGE 11


SYMBOL TABLE
  LABEL                             VALUE 

ADCON0                            0000001F
ADCON1                            0000009F
ADCS0                             00000006
ADCS1                             00000007
ADIE                              00000006
ADIF                              00000006
ADON                              00000000
ADRES                             0000001E
BF                                00000000
BRGH                              00000002
BucleBurst                        0000002C
BucleInf                          00000009
BucleSpace                        00000039
C                                 00000000
CCP1CON                           00000017
CCP1IE                            00000002
CCP1IF                            00000002
CCP1M0                            00000000
CCP1M1                            00000001
CCP1M2                            00000002
CCP1M3                            00000003
CCP1X                             00000005
CCP1Y                             00000004
CCP2CON                           0000001D
CCP2IE                            00000000
CCP2IF                            00000000
CCP2M0                            00000000
CCP2M1                            00000001
CCP2M2                            00000002
CCP2M3                            00000003
CCP2X                             00000005
CCP2Y                             00000004
CCPR1                             00000015
CCPR1H                            00000016
CCPR1L                            00000015
CCPR2                             0000001B
CCPR2H                            0000001C
CCPR2L                            0000001B
CHS0                              00000003
CHS1                              00000004
CHS2                              00000005
CKE                               00000006
CKP                               00000004
CREN                              00000004
CSRC                              00000007
CrearOnda                         0000003D
D                                 00000005
DATA_ADDRESS                      00000005
DC                                00000001
D_A                               00000005
D_NOT_A                           00000005
F                                 00000001
FERR                              00000002
MPASM  5.51                     INFRAROJO.ASM   1-4-1980  23:11:36         PAGE 12


SYMBOL TABLE
  LABEL                             VALUE 

FSR                               00000004
GIE                               00000007
GO                                00000002
GO_DONE                           00000002
GO_NOT_DONE                       00000002
Guarda_STATUS                     00000021
Guarda_W                          00000020
I2C_DATA                          00000005
I2C_READ                          00000002
I2C_START                         00000003
I2C_STOP                          00000004
IBF                               00000007
IBOV                              00000005
INDF                              00000000
INTCON                            0000000B
INTE                              00000004
INTEDG                            00000006
INTF                              00000001
IRP                               00000007
InicializarPORTA                  00000011
InicializarPORTB                  0000001C
InicializarTMR0                   0000000B
Inicio                            00000005
Interrupcion_INT                  0000005D
Interrupcion_RBI                  0000012A
Interrupcion_T0I                  0000012C
NOT_A                             00000005
NOT_ADDRESS                       00000005
NOT_BO                            00000000
NOT_BOR                           00000000
NOT_DONE                          00000002
NOT_PD                            00000003
NOT_POR                           00000001
NOT_RBPU                          00000007
NOT_RC8                           00000006
NOT_T1SYNC                        00000002
NOT_TO                            00000004
NOT_TX8                           00000006
NOT_W                             00000002
NOT_WRITE                         00000002
OBF                               00000006
OERR                              00000001
OPTION_REG                        00000081
P                                 00000004
PCFG0                             00000000
PCFG1                             00000001
PCFG2                             00000002
PCL                               00000002
PCLATH                            0000000A
PCON                              0000008E
PEIE                              00000006
PIE1                              0000008C
PIE2                              0000008D
MPASM  5.51                     INFRAROJO.ASM   1-4-1980  23:11:36         PAGE 13


SYMBOL TABLE
  LABEL                             VALUE 

PIR1                              0000000C
PIR2                              0000000D
PMADR                             0000010D
PMADRH                            0000010F
PMCON1                            0000018C
PMDATA                            0000010C
PMDATH                            0000010E
PORTA                             00000005
PORTB                             00000006
PORTC                             00000007
PORTD                             00000008
PORTE                             00000009
PR2                               00000092
PS0                               00000000
PS1                               00000001
PS2                               00000002
PSA                               00000003
PSPIE                             00000007
PSPIF                             00000007
PSPMODE                           00000004
R                                 00000002
RA0                               00000000
RA1                               00000001
RA2                               00000002
RA3                               00000003
RA4                               00000004
RA5                               00000005
RB0                               00000000
RB1                               00000001
RB2                               00000002
RB3                               00000003
RB4                               00000004
RB5                               00000005
RB6                               00000006
RB7                               00000007
RBIE                              00000003
RBIF                              00000000
RC0                               00000000
RC1                               00000001
RC2                               00000002
RC3                               00000003
RC4                               00000004
RC5                               00000005
RC6                               00000006
RC7                               00000007
RC8_9                             00000006
RC9                               00000006
RCD8                              00000000
RCIE                              00000005
RCIF                              00000005
RCREG                             0000001A
RCSTA                             00000018
RD                                00000000
MPASM  5.51                     INFRAROJO.ASM   1-4-1980  23:11:36         PAGE 14


SYMBOL TABLE
  LABEL                             VALUE 

RD0                               00000000
RD1                               00000001
RD2                               00000002
RD3                               00000003
RD4                               00000004
RD5                               00000005
RD6                               00000006
RD7                               00000007
RE0                               00000000
RE1                               00000001
RE2                               00000002
READ_WRITE                        00000002
RP0                               00000005
RP1                               00000006
RX9                               00000006
RX9D                              00000000
R_NOT_W                           00000002
R_W                               00000002
S                                 00000003
SETF                              
SMP                               00000007
SPBRG                             00000099
SPEN                              00000007
SREN                              00000005
SSPADD                            00000093
SSPBUF                            00000013
SSPCON                            00000014
SSPEN                             00000005
SSPIE                             00000003
SSPIF                             00000003
SSPM0                             00000000
SSPM1                             00000001
SSPM2                             00000002
SSPM3                             00000003
SSPOV                             00000006
SSPSTAT                           00000094
STATUS                            00000003
SYNC                              00000004
SetearTMR0burst                   00000025
SetearTMR0space                   00000030
SetearTmps                        
SrvInterup                        00000047
T0CS                              00000005
T0IE                              00000005
T0IF                              00000002
T0SE                              00000004
T1CKPS0                           00000004
T1CKPS1                           00000005
T1CON                             00000010
T1INSYNC                          00000002
T1OSCEN                           00000003
T2CKPS0                           00000000
T2CKPS1                           00000001
MPASM  5.51                     INFRAROJO.ASM   1-4-1980  23:11:36         PAGE 15


SYMBOL TABLE
  LABEL                             VALUE 

T2CON                             00000012
TMR0                              00000001
TMR0IE                            00000005
TMR0IF                            00000002
TMR1                              0000000E
TMR1CS                            00000001
TMR1H                             0000000F
TMR1IE                            00000000
TMR1IF                            00000000
TMR1L                             0000000E
TMR1ON                            00000000
TMR2                              00000011
TMR2IE                            00000001
TMR2IF                            00000001
TMR2ON                            00000002
TOUTPS0                           00000003
TOUTPS1                           00000004
TOUTPS2                           00000005
TOUTPS3                           00000006
TRISA                             00000085
TRISA0                            00000000
TRISA1                            00000001
TRISA2                            00000002
TRISA3                            00000003
TRISA4                            00000004
TRISA5                            00000005
TRISB                             00000086
TRISB0                            00000000
TRISB1                            00000001
TRISB2                            00000002
TRISB3                            00000003
TRISB4                            00000004
TRISB5                            00000005
TRISB6                            00000006
TRISB7                            00000007
TRISC                             00000087
TRISC0                            00000000
TRISC1                            00000001
TRISC2                            00000002
TRISC3                            00000003
TRISC4                            00000004
TRISC5                            00000005
TRISC6                            00000006
TRISC7                            00000007
TRISD                             00000088
TRISD0                            00000000
TRISD1                            00000001
TRISD2                            00000002
TRISD3                            00000003
TRISD4                            00000004
TRISD5                            00000005
TRISD6                            00000006
TRISD7                            00000007
MPASM  5.51                     INFRAROJO.ASM   1-4-1980  23:11:36         PAGE 16


SYMBOL TABLE
  LABEL                             VALUE 

TRISE                             00000089
TRISE0                            00000000
TRISE1                            00000001
TRISE2                            00000002
TRMT                              00000001
TX8_9                             00000006
TX9                               00000006
TX9D                              00000000
TXD8                              00000000
TXEN                              00000005
TXIE                              00000004
TXIF                              00000004
TXREG                             00000019
TXSTA                             00000098
UA                                00000001
W                                 00000000
WCOL                              00000007
Z                                 00000002
_BODEN_OFF                        00003FBF
_BODEN_ON                         00003FFF
_BOREN_OFF                        00003FBF
_BOREN_ON                         00003FFF
_CONFIG                           00002007
_CP_ALL                           00003FEF
_CP_OFF                           00003FFF
_CP_ON                            00003FEF
_DEVID1                           00002006
_FOSC_HS                          00003FFE
_FOSC_LP                          00003FFC
_FOSC_RC                          00003FFF
_FOSC_XT                          00003FFD
_HS_OSC                           00003FFE
_IDLOC0                           00002000
_IDLOC1                           00002001
_IDLOC2                           00002002
_IDLOC3                           00002003
_LP_OSC                           00003FFC
_PWRTE_OFF                        00003FFF
_PWRTE_ON                         00003FF7
_RC_OSC                           00003FFF
_WDTE_OFF                         00003FFB
_WDTE_ON                          00003FFF
_WDT_OFF                          00003FFB
_WDT_ON                           00003FFF
_XT_OSC                           00003FFD
__16F877A                         00000001
__DEBUG                           1
tiempoBurst                       00000022
tiempoSpace                       00000023
MPASM  5.51                     INFRAROJO.ASM   1-4-1980  23:11:36         PAGE 17


MEMORY USAGE MAP ('X' = Used,  '-' = Unused)


0000 : X---XXXXXXXXXXXX XXXXXXXXXXXXXXXX XXXXXXXXXXXXXXXX XXXXXXXXXXXXXXXX
0040 : XXXXXXXXXXXXXXXX XXXXXXXXXXXXXXXX XXXXXXXXXXXXXXXX XXXXXXXXXXXXXXXX
0080 : XXXXXXXXXXXXXXXX XXXXXXXXXXXXXXXX XXXXXXXXXXXXXXXX XXXXXXXXXXXXXXXX
00C0 : XXXXXXXXXXXXXXXX XXXXXXXXXXXXXXXX XXXXXXXXXXXXXXXX XXXXXXXXXXXXXXXX
0100 : XXXXXXXXXXXXXXXX XXXXXXXXXXXXXXXX XXXXXXXXXXXXXX-- ----------------
2000 : -------X-------- ---------------- ---------------- ----------------

All other memory blocks unused.

Program Memory Words Used:   299
Program Memory Words Free:  7893


Errors   :     0
Warnings :     2 reported,     0 suppressed
Messages :    11 reported,     0 suppressed

