MPLINK 4.49, Linker
Linker Map File - Created Fri Jan 04 23:11:37 1980

                                 Section Info
                  Section       Type    Address   Location Size(Bytes)
                ---------  ---------  ---------  ---------  ---------
                   .org_0       code   0x000000    program   0x000000
                   .org_1       code   0x000000    program   0x000002
                   .org_2       code   0x000004    program   0x000254
 .config_2007_INFRAROJO.O       code   0x002007    program   0x000002



                              Program Memory Usage 
                               Start         End      
                           ---------   ---------      
                            0x000000    0x000000      
                            0x000004    0x00012d      
                            0x002007    0x002007      
            300 out of 8454 program addresses used, program memory utilization is 3%



                              Symbols - Sorted by Name
                     Name    Address   Location    Storage File                     
                ---------  ---------  ---------  --------- ---------                
               BucleBurst   0x00002c    program     static D:\misappsuctrl\pic\InfraRojo\infrarojo.asm
                 BucleInf   0x000009    program     static D:\misappsuctrl\pic\InfraRojo\infrarojo.asm
               BucleSpace   0x000039    program     static D:\misappsuctrl\pic\InfraRojo\infrarojo.asm
                CrearOnda   0x00003d    program     static D:\misappsuctrl\pic\InfraRojo\infrarojo.asm
         InicializarPORTA   0x000011    program     static D:\misappsuctrl\pic\InfraRojo\infrarojo.asm
         InicializarPORTB   0x00001c    program     static D:\misappsuctrl\pic\InfraRojo\infrarojo.asm
          InicializarTMR0   0x00000b    program     static D:\misappsuctrl\pic\InfraRojo\infrarojo.asm
                   Inicio   0x000005    program     static D:\misappsuctrl\pic\InfraRojo\infrarojo.asm
         Interrupcion_INT   0x00005d    program     static D:\misappsuctrl\pic\InfraRojo\infrarojo.asm
         Interrupcion_RBI   0x00012a    program     static D:\misappsuctrl\pic\InfraRojo\infrarojo.asm
         Interrupcion_T0I   0x00012c    program     static D:\misappsuctrl\pic\InfraRojo\infrarojo.asm
          SetearTMR0burst   0x000025    program     static D:\misappsuctrl\pic\InfraRojo\infrarojo.asm
          SetearTMR0space   0x000030    program     static D:\misappsuctrl\pic\InfraRojo\infrarojo.asm
               SrvInterup   0x000047    program     static D:\misappsuctrl\pic\InfraRojo\infrarojo.asm



                              Symbols - Sorted by Address
                     Name    Address   Location    Storage File                     
                ---------  ---------  ---------  --------- ---------                
                   Inicio   0x000005    program     static D:\misappsuctrl\pic\InfraRojo\infrarojo.asm
                 BucleInf   0x000009    program     static D:\misappsuctrl\pic\InfraRojo\infrarojo.asm
          InicializarTMR0   0x00000b    program     static D:\misappsuctrl\pic\InfraRojo\infrarojo.asm
         InicializarPORTA   0x000011    program     static D:\misappsuctrl\pic\InfraRojo\infrarojo.asm
         InicializarPORTB   0x00001c    program     static D:\misappsuctrl\pic\InfraRojo\infrarojo.asm
          SetearTMR0burst   0x000025    program     static D:\misappsuctrl\pic\InfraRojo\infrarojo.asm
               BucleBurst   0x00002c    program     static D:\misappsuctrl\pic\InfraRojo\infrarojo.asm
          SetearTMR0space   0x000030    program     static D:\misappsuctrl\pic\InfraRojo\infrarojo.asm
               BucleSpace   0x000039    program     static D:\misappsuctrl\pic\InfraRojo\infrarojo.asm
                CrearOnda   0x00003d    program     static D:\misappsuctrl\pic\InfraRojo\infrarojo.asm
               SrvInterup   0x000047    program     static D:\misappsuctrl\pic\InfraRojo\infrarojo.asm
         Interrupcion_INT   0x00005d    program     static D:\misappsuctrl\pic\InfraRojo\infrarojo.asm
         Interrupcion_RBI   0x00012a    program     static D:\misappsuctrl\pic\InfraRojo\infrarojo.asm
         Interrupcion_T0I   0x00012c    program     static D:\misappsuctrl\pic\InfraRojo\infrarojo.asm


