MPLINK 4.49, Linker
Linker Map File - Created Thu Apr 24 04:47:55 1980

                                 Section Info
                  Section       Type    Address   Location Size(Bytes)
                ---------  ---------  ---------  ---------  ---------
                   .org_0       code   0x000000    program   0x000000
                   .org_1       code   0x000000    program   0x000002
                   .org_2       code   0x000004    program   0x0002b6
 .config_2007_INFRAROJO.O       code   0x002007    program   0x000002



                              Program Memory Usage 
                               Start         End      
                           ---------   ---------      
                            0x000000    0x000000      
                            0x000004    0x00015e      
                            0x002007    0x002007      
            349 out of 8454 program addresses used, program memory utilization is 4%



                              Symbols - Sorted by Name
                     Name    Address   Location    Storage File                     
                ---------  ---------  ---------  --------- ---------                
               BucleBurst   0x000042    program     static D:\misappsuctrl\pic\InfraRojo\infrarojo.asm
                 BucleInf   0x00000b    program     static D:\misappsuctrl\pic\InfraRojo\infrarojo.asm
               BucleSpace   0x00004f    program     static D:\misappsuctrl\pic\InfraRojo\infrarojo.asm
         InicializarPORTA   0x000013    program     static D:\misappsuctrl\pic\InfraRojo\infrarojo.asm
         InicializarPORTB   0x00001e    program     static D:\misappsuctrl\pic\InfraRojo\infrarojo.asm
         InicializarPORTC   0x000027    program     static D:\misappsuctrl\pic\InfraRojo\infrarojo.asm
           InicializarPWM   0x00002a    program     static D:\misappsuctrl\pic\InfraRojo\infrarojo.asm
          InicializarTMR0   0x00000d    program     static D:\misappsuctrl\pic\InfraRojo\infrarojo.asm
                   Inicio   0x000005    program     static D:\misappsuctrl\pic\InfraRojo\infrarojo.asm
         Interrupcion_INT   0x00008d    program     static D:\misappsuctrl\pic\InfraRojo\infrarojo.asm
         Interrupcion_RBI   0x00015b    program     static D:\misappsuctrl\pic\InfraRojo\infrarojo.asm
         Interrupcion_T0I   0x00015d    program     static D:\misappsuctrl\pic\InfraRojo\infrarojo.asm
                     Onda   0x000053    program     static D:\misappsuctrl\pic\InfraRojo\infrarojo.asm
                  Retardo   0x00005f    program     static D:\misappsuctrl\pic\InfraRojo\infrarojo.asm
                 Retardo1   0x000062    program     static D:\misappsuctrl\pic\InfraRojo\infrarojo.asm
                 Retardo2   0x000068    program     static D:\misappsuctrl\pic\InfraRojo\infrarojo.asm
                 Retardo3   0x00006d    program     static D:\misappsuctrl\pic\InfraRojo\infrarojo.asm
                 Retardo4   0x000072    program     static D:\misappsuctrl\pic\InfraRojo\infrarojo.asm
          SetearTMR0burst   0x00003b    program     static D:\misappsuctrl\pic\InfraRojo\infrarojo.asm
          SetearTMR0space   0x000046    program     static D:\misappsuctrl\pic\InfraRojo\infrarojo.asm
               SrvInterup   0x000077    program     static D:\misappsuctrl\pic\InfraRojo\infrarojo.asm



                              Symbols - Sorted by Address
                     Name    Address   Location    Storage File                     
                ---------  ---------  ---------  --------- ---------                
                   Inicio   0x000005    program     static D:\misappsuctrl\pic\InfraRojo\infrarojo.asm
                 BucleInf   0x00000b    program     static D:\misappsuctrl\pic\InfraRojo\infrarojo.asm
          InicializarTMR0   0x00000d    program     static D:\misappsuctrl\pic\InfraRojo\infrarojo.asm
         InicializarPORTA   0x000013    program     static D:\misappsuctrl\pic\InfraRojo\infrarojo.asm
         InicializarPORTB   0x00001e    program     static D:\misappsuctrl\pic\InfraRojo\infrarojo.asm
         InicializarPORTC   0x000027    program     static D:\misappsuctrl\pic\InfraRojo\infrarojo.asm
           InicializarPWM   0x00002a    program     static D:\misappsuctrl\pic\InfraRojo\infrarojo.asm
          SetearTMR0burst   0x00003b    program     static D:\misappsuctrl\pic\InfraRojo\infrarojo.asm
               BucleBurst   0x000042    program     static D:\misappsuctrl\pic\InfraRojo\infrarojo.asm
          SetearTMR0space   0x000046    program     static D:\misappsuctrl\pic\InfraRojo\infrarojo.asm
               BucleSpace   0x00004f    program     static D:\misappsuctrl\pic\InfraRojo\infrarojo.asm
                     Onda   0x000053    program     static D:\misappsuctrl\pic\InfraRojo\infrarojo.asm
                  Retardo   0x00005f    program     static D:\misappsuctrl\pic\InfraRojo\infrarojo.asm
                 Retardo1   0x000062    program     static D:\misappsuctrl\pic\InfraRojo\infrarojo.asm
                 Retardo2   0x000068    program     static D:\misappsuctrl\pic\InfraRojo\infrarojo.asm
                 Retardo3   0x00006d    program     static D:\misappsuctrl\pic\InfraRojo\infrarojo.asm
                 Retardo4   0x000072    program     static D:\misappsuctrl\pic\InfraRojo\infrarojo.asm
               SrvInterup   0x000077    program     static D:\misappsuctrl\pic\InfraRojo\infrarojo.asm
         Interrupcion_INT   0x00008d    program     static D:\misappsuctrl\pic\InfraRojo\infrarojo.asm
         Interrupcion_RBI   0x00015b    program     static D:\misappsuctrl\pic\InfraRojo\infrarojo.asm
         Interrupcion_T0I   0x00015d    program     static D:\misappsuctrl\pic\InfraRojo\infrarojo.asm


