MPASM  5.51                     INFRAROJO.ASM   4-24-1980  4:47:54         PAGE  1


LOC  OBJECT CODE     LINE SOURCE TEXT
  VALUE

                      00001 ;*********************************************************************
                      00002 ;DATOS****************************************************************
2007   3FF1           00003                 __CONFIG _CP_OFF & _WDT_OFF & _PWRTE_ON & _XT_OSC
                      00004 
                      00005                 LIST P=16F877A
                      00006                 INCLUDE <P16F77.INC>
                      00001         LIST
                      00002 
                      00003 ;==========================================================================
                      00004 ;  MPASM PIC16F77 processor include
                      00005 ; 
                      00006 ;  (c) Copyright 1999-2013 Microchip Technology, All rights reserved
                      00007 ;==========================================================================
                      00008 
Message[301]: MESSAGE: (Processor-header file mismatch.  Verify selected processor.)
                      00496         LIST
                      00007                 
                      00008                 CBLOCK 0x20                                     ; RAM para el usuario
  00000020            00009                         Guarda_W
  00000021            00010                         Guarda_STATUS
  00000022            00011                         tiempoBurst
  00000023            00012                         tiempoSpace
  00000024            00013                         registro1
  00000025            00014                         registro2
  00000026            00015                         registro3
  00000027            00016                         registro4
                      00017                 ENDC
                      00018 
                      00019 ;CODIGO****************************************************************
                      00020                         INCLUDE <macrosapz.inc>
                      00001 ;****************Libreria MACROS.INC****************************
                      00002 SetearTmps      MACRO   tiempoUNO, tiempoDOS, CrearOnda
                      00003                 bcf             STATUS, RP0
                      00004                 movlw   tiempoUNO
                      00005                 movwf   tiempoBurst
                      00006                 movlw   tiempoDOS
                      00007                 movwf   tiempoSpace
                      00008                 call    CrearOnda
                      00009                 ;goto   destino
Warning[205]: Found directive in column 1. (ENDM)
                      00010 ENDM
                      00011 
                      00012 SETF    MACRO   registro
                      00013                 movlw   0xFF
                      00014                 movwf   registro
Warning[205]: Found directive in column 1. (ENDM)
                      00015 ENDM
0000                  00021                         ORG             0                                       ; Programa alojado en RO
                            M
0000   2805           00022                         goto    Inicio
0004                  00023                         ORG             4
0004   2877           00024                         goto    SrvInterup
                      00025                         
MPASM  5.51                     INFRAROJO.ASM   4-24-1980  4:47:54         PAGE  2


LOC  OBJECT CODE     LINE SOURCE TEXT
  VALUE

0005                  00026 Inicio:         
0005   2013           00027                         call    InicializarPORTA                        ; PortA como salidas
0006   201E           00028                         call    InicializarPORTB                        ; PORTB como entradas
0007   200D           00029                         call    InicializarTMR0
0008   202A           00030                         call    InicializarPWM
0009   2027           00031                         call    InicializarPORTC
000A   1283           00032                         bcf             STATUS, RP0
                      00033 
000B   0000           00034 BucleInf:       nop
000C   280B           00035                         goto    BucleInf
                      00036                                                 
                      00037 ;SUBRUTINAS************************************************************
000D                  00038 InicializarTMR0:        
000D   1683 1303      00039                         banksel OPTION_REG
000F   3005           00040                         movlw   b'00000101'                     ;Prescaler
Message[302]: Register in operand not in bank 0.  Ensure that bank bits are correct.
0010   0081           00041                         movwf   OPTION_REG
Message[302]: Register in operand not in bank 0.  Ensure that bank bits are correct.
0011   1681           00042                         bsf             OPTION_REG, T0CS        ;Pausa timer0
0012   0008           00043                         return
                      00044                         
0013                  00045 InicializarPORTA:
0013   1683 1303      00046                         banksel ADCON1          ; TurnOff
0015   3006           00047                         movlw   0x06            ; ADC
Message[302]: Register in operand not in bank 0.  Ensure that bank bits are correct.
0016   009F           00048                         movwf   ADCON1          ; 
                      00049                         
0017   1683 1303      00050                         banksel TRISA
Message[302]: Register in operand not in bank 0.  Ensure that bank bits are correct.
0019   0185           00051                         clrf    TRISA
001A   1283 1303      00052                         banksel PORTA
001C   0185           00053                         clrf    PORTA
001D   0008           00054                         return
                      00055                         
001E                  00056 InicializarPORTB:
                      00057                         SETF    TRISB
001E   30FF               M                 movlw   0xFF
Message[302]: Register in operand not in bank 0.  Ensure that bank bits are correct.
001F   0086               M                 movwf   TRISB
0020   1683 1303      00058                         banksel OPTION_REG
Message[302]: Register in operand not in bank 0.  Ensure that bank bits are correct.
0022   1381           00059                         bcf             OPTION_REG, NOT_RBPU
Message[302]: Register in operand not in bank 0.  Ensure that bank bits are correct.
0023   1301           00060                         bcf             OPTION_REG, INTEDG
0024   3090           00061                         movlw   b'10010000'     ; Enable interrupcion
0025   008B           00062                         movwf   INTCON
0026   0008           00063                         return
                      00064 
0027                  00065 InicializarPORTC:
0027   1683           00066                         bsf             STATUS, RP0                     ; ir al Banco1
Message[302]: Register in operand not in bank 0.  Ensure that bank bits are correct.
0028   0187           00067                         clrf    TRISC                           ; puertoC como salida 00000000
0029   0008           00068                         return
MPASM  5.51                     INFRAROJO.ASM   4-24-1980  4:47:54         PAGE  3


LOC  OBJECT CODE     LINE SOURCE TEXT
  VALUE

                      00069                         
002A                  00070 InicializarPWM:
002A   1683 1303      00071                         banksel PR2                                     ;configurar
002C   3019           00072                         movlw   d'25'                           ;periodo
Message[302]: Register in operand not in bank 0.  Ensure that bank bits are correct.
002D   0092           00073                         movwf   PR2                                     ;
                      00074 
002E   1283 1303      00075                         banksel CCPR1L                  ;configurar
0030   300D           00076                         movlw   b'00001101'             ;DutyCycle
0031   0095           00077                         movwf   CCPR1L                  ;usando
0032   1297           00078                         bcf             CCP1CON, CCP1X  ;de
0033   1217           00079                         bcf             CCP1CON, CCP1Y  ;resolucion
                      00080                         
0034   1092           00081                         bcf             T2CON, T2CKPS1          ;eligiendo
0035   1012           00082                         bcf             T2CON, T2CKPS0          ;prescaler
                      00083                         
                      00084                         ;bsf            T2CON, TMR2ON   ;TurnON el Timer2
                      00085                         
0036   1597           00086                         bsf             CCP1CON, CCP1M3         ;Habilitar
0037   1517           00087                         bsf             CCP1CON, CCP1M2         ;el
0038   1497           00088                         bsf             CCP1CON, CCP1M1         ;modo
0039   1417           00089                         bsf             CCP1CON, CCP1M0         ;PWM
003A   0008           00090                         return
                      00091                         
003B                  00092 SetearTMR0burst:
003B   1283 1303      00093                         banksel TMR0
003D   0822           00094                         movfw   tiempoBurst
003E   0081           00095                         movwf   TMR0
003F   1683 1303      00096                         banksel OPTION_REG
Message[302]: Register in operand not in bank 0.  Ensure that bank bits are correct.
0041   1281           00097                         bcf             OPTION_REG, T0CS        ;Play timer0
0042   1D0B           00098 BucleBurst:     btfss   INTCON, T0IF
0043   2842           00099                         goto    BucleBurst
0044   110B           00100                         bcf             INTCON, T0IF
0045   0008           00101                         return
                      00102                         
0046                  00103 SetearTMR0space:
0046   1283 1303      00104                         banksel TMR0
0048   0823           00105                         movfw   tiempoSpace
0049   0081           00106                         movwf   TMR0
004A   1683 1303      00107                         banksel OPTION_REG
Message[302]: Register in operand not in bank 0.  Ensure that bank bits are correct.
004C   1281           00108                         bcf             OPTION_REG, T0CS        ;Play timer0
004D   1283 1303      00109                         banksel INTCON
004F   1D0B           00110 BucleSpace:     btfss   INTCON, T0IF
0050   284F           00111                         goto    BucleSpace
0051   110B           00112                         bcf             INTCON, T0IF
0052   0008           00113                         return
                      00114 
0053                  00115 Onda:
0053   1283 1303      00116                         banksel PORTA
                      00117                         SETF    PORTA                           ;poner pin en alto
0055   30FF               M                 movlw   0xFF
MPASM  5.51                     INFRAROJO.ASM   4-24-1980  4:47:54         PAGE  4


LOC  OBJECT CODE     LINE SOURCE TEXT
  VALUE

0056   0085               M                 movwf   PORTA
0057   1512           00118                         bsf             T2CON, TMR2ON           ;TurnON el Timer2
0058   203B           00119                         call    SetearTMR0burst         ;esperar tantos segundos
0059   1283 1303      00120                         banksel PORTA
005B   0185           00121                         clrf    PORTA                           ;poner pin en bajo
005C   1112           00122                         bcf             T2CON, TMR2ON           ;TurnOFF el Timer2
005D   2046           00123                         call    SetearTMR0space         ;esperar tantos segundos
005E   0008           00124                         return
                      00125                         
005F   1587           00126 Retardo:        bsf             PORTC, RC3
0060   30FE           00127                         movlw   d'254'
0061   00A4           00128                         movwf   registro1
0062   2068           00129 Retardo1        call    Retardo2
0063   0AA4           00130                         incf    registro1, f
0064   1D03           00131                         btfss   STATUS, Z
0065   2862           00132                         goto    Retardo1
0066   0000           00133                         nop
0067   0008           00134                         return
                      00135 
0068   206D           00136 Retardo2:       call    Retardo3
0069   0AA5           00137                         incf    registro2, f
006A   1D03           00138                         btfss   STATUS, Z
006B   2868           00139                         goto    Retardo2
006C   0008           00140                         return
                      00141                         
006D   2072           00142 Retardo3:       call    Retardo4
006E   0AA6           00143                         incf    registro3, f
006F   1D03           00144                         btfss   STATUS, Z
0070   286D           00145                         goto    Retardo3
0071   0008           00146                         return
                      00147                         
0072   0AA7           00148 Retardo4:       incf    registro4, f
0073   1D03           00149                         btfss   STATUS, Z
0074   2872           00150                         goto    Retardo4
0075   1187           00151                         bcf             PORTC, RC3
0076   0008           00152                         return
                      00153                         
                      00154 ;SERVICIO INTERRUPCION*************************************************
0077                  00155 SrvInterup:     
0077   00A0           00156                         movwf   Guarda_W                        ;Guardar W y STATUS
0078   0E03           00157                         swapf   STATUS, W                       ;para que esten
0079   00A1           00158                         movwf   Guarda_STATUS           ;inalterados
007A   1283           00159                         bcf             STATUS, RP0                     ;al volver
                      00160                         
007B   188B           00161                         btfsc   INTCON, INTF                    ;Determinar
007C   208D           00162                         call    Interrupcion_INT                ;la
007D   180B           00163                         btfsc   INTCON, RBIF                    ;causa
007E   215B           00164                         call    Interrupcion_RBI                ;de
007F   190B           00165                         btfsc   INTCON, T0IF                    ;la
0080   215D           00166                         call    Interrupcion_T0I                ;interrupcion
                      00167                         
0081   0E21           00168                         swapf   Guarda_STATUS, W        ;restaurar contenido
0082   0083           00169                         movwf   STATUS                          ;de registros
MPASM  5.51                     INFRAROJO.ASM   4-24-1980  4:47:54         PAGE  5


LOC  OBJECT CODE     LINE SOURCE TEXT
  VALUE

0083   0EA0           00170                         swapf   Guarda_W, F                     ;antes de
0084   0E20           00171                         swapf   Guarda_W, W                     ;volver
                      00172                         
0085   108B           00173                         bcf             INTCON, INTF                    ;Borrar flags
0086   0886           00174                         movf    PORTB, F                                ;causantes
0087   100B           00175                         bcf             INTCON, RBIF                    ;de las
0088   110B           00176                         bcf             INTCON, T0IF                    ;interrupciones
0089   1683 1303      00177                         banksel OPTION_REG
Message[302]: Register in operand not in bank 0.  Ensure that bank bits are correct.
008B   1681           00178                         bsf             OPTION_REG, T0CS                ;Pausa timer0
008C   0009           00179                         retfie                                                  ;Regresa y reHabilita in
                            terrupcion
                      00180                         
008D                  00181 Interrupcion_INT:               ;20DF10EF   00100000 11011111   00010000 11101111
                      00182                         SetearTmps      d'115', d'185', Onda    ;INICIO burst 9000us space 4500us
008D   1283               M                 bcf             STATUS, RP0
008E   3073               M                 movlw   d'115'
008F   00A2               M                 movwf   tiempoBurst
0090   30B9               M                 movlw   d'185'
0091   00A3               M                 movwf   tiempoSpace
0092   2053               M                 call    Onda
                          M                 ;goto   destino
                      00183                         
                      00184                         SetearTmps      d'247', d'247', Onda    ;ZERO   burst 562us space 562us
0093   1283               M                 bcf             STATUS, RP0
0094   30F7               M                 movlw   d'247'
0095   00A2               M                 movwf   tiempoBurst
0096   30F7               M                 movlw   d'247'
0097   00A3               M                 movwf   tiempoSpace
0098   2053               M                 call    Onda
                          M                 ;goto   destino
                      00185                         SetearTmps      d'247', d'247', Onda    ;ZERO   burst 562us space 562us
0099   1283               M                 bcf             STATUS, RP0
009A   30F7               M                 movlw   d'247'
009B   00A2               M                 movwf   tiempoBurst
009C   30F7               M                 movlw   d'247'
009D   00A3               M                 movwf   tiempoSpace
009E   2053               M                 call    Onda
                          M                 ;goto   destino
                      00186                         SetearTmps      d'247', d'229', Onda    ;UNO    burst 562us space 1687us
009F   1283               M                 bcf             STATUS, RP0
00A0   30F7               M                 movlw   d'247'
00A1   00A2               M                 movwf   tiempoBurst
00A2   30E5               M                 movlw   d'229'
00A3   00A3               M                 movwf   tiempoSpace
00A4   2053               M                 call    Onda
                          M                 ;goto   destino
                      00187                         SetearTmps      d'247', d'247', Onda    ;ZERO   burst 562us space 562us
00A5   1283               M                 bcf             STATUS, RP0
00A6   30F7               M                 movlw   d'247'
00A7   00A2               M                 movwf   tiempoBurst
00A8   30F7               M                 movlw   d'247'
00A9   00A3               M                 movwf   tiempoSpace
MPASM  5.51                     INFRAROJO.ASM   4-24-1980  4:47:54         PAGE  6


LOC  OBJECT CODE     LINE SOURCE TEXT
  VALUE

00AA   2053               M                 call    Onda
                          M                 ;goto   destino
                      00188                         SetearTmps      d'247', d'247', Onda    ;ZERO   burst 562us space 562us
00AB   1283               M                 bcf             STATUS, RP0
00AC   30F7               M                 movlw   d'247'
00AD   00A2               M                 movwf   tiempoBurst
00AE   30F7               M                 movlw   d'247'
00AF   00A3               M                 movwf   tiempoSpace
00B0   2053               M                 call    Onda
                          M                 ;goto   destino
                      00189                         SetearTmps      d'247', d'247', Onda    ;ZERO   burst 562us space 562us
00B1   1283               M                 bcf             STATUS, RP0
00B2   30F7               M                 movlw   d'247'
00B3   00A2               M                 movwf   tiempoBurst
00B4   30F7               M                 movlw   d'247'
00B5   00A3               M                 movwf   tiempoSpace
00B6   2053               M                 call    Onda
                          M                 ;goto   destino
                      00190                         SetearTmps      d'247', d'247', Onda    ;ZERO   burst 562us space 562us
00B7   1283               M                 bcf             STATUS, RP0
00B8   30F7               M                 movlw   d'247'
00B9   00A2               M                 movwf   tiempoBurst
00BA   30F7               M                 movlw   d'247'
00BB   00A3               M                 movwf   tiempoSpace
00BC   2053               M                 call    Onda
                          M                 ;goto   destino
                      00191                         SetearTmps      d'247', d'247', Onda    ;ZERO   burst 562us space 562us
00BD   1283               M                 bcf             STATUS, RP0
00BE   30F7               M                 movlw   d'247'
00BF   00A2               M                 movwf   tiempoBurst
00C0   30F7               M                 movlw   d'247'
00C1   00A3               M                 movwf   tiempoSpace
00C2   2053               M                 call    Onda
                          M                 ;goto   destino
                      00192                         
                      00193                         SetearTmps      d'247', d'229', Onda    ;UNO    burst 562us space 1687us
00C3   1283               M                 bcf             STATUS, RP0
00C4   30F7               M                 movlw   d'247'
00C5   00A2               M                 movwf   tiempoBurst
00C6   30E5               M                 movlw   d'229'
00C7   00A3               M                 movwf   tiempoSpace
00C8   2053               M                 call    Onda
                          M                 ;goto   destino
                      00194                         SetearTmps      d'247', d'229', Onda    ;UNO    burst 562us space 1687us
00C9   1283               M                 bcf             STATUS, RP0
00CA   30F7               M                 movlw   d'247'
00CB   00A2               M                 movwf   tiempoBurst
00CC   30E5               M                 movlw   d'229'
00CD   00A3               M                 movwf   tiempoSpace
00CE   2053               M                 call    Onda
                          M                 ;goto   destino
                      00195                         SetearTmps      d'247', d'247', Onda    ;ZERO   burst 562us space 562us
00CF   1283               M                 bcf             STATUS, RP0
MPASM  5.51                     INFRAROJO.ASM   4-24-1980  4:47:54         PAGE  7


LOC  OBJECT CODE     LINE SOURCE TEXT
  VALUE

00D0   30F7               M                 movlw   d'247'
00D1   00A2               M                 movwf   tiempoBurst
00D2   30F7               M                 movlw   d'247'
00D3   00A3               M                 movwf   tiempoSpace
00D4   2053               M                 call    Onda
                          M                 ;goto   destino
                      00196                         SetearTmps      d'247', d'229', Onda    ;UNO    burst 562us space 1687us
00D5   1283               M                 bcf             STATUS, RP0
00D6   30F7               M                 movlw   d'247'
00D7   00A2               M                 movwf   tiempoBurst
00D8   30E5               M                 movlw   d'229'
00D9   00A3               M                 movwf   tiempoSpace
00DA   2053               M                 call    Onda
                          M                 ;goto   destino
                      00197                         SetearTmps      d'247', d'229', Onda    ;UNO    burst 562us space 1687us
00DB   1283               M                 bcf             STATUS, RP0
00DC   30F7               M                 movlw   d'247'
00DD   00A2               M                 movwf   tiempoBurst
00DE   30E5               M                 movlw   d'229'
00DF   00A3               M                 movwf   tiempoSpace
00E0   2053               M                 call    Onda
                          M                 ;goto   destino
                      00198                         SetearTmps      d'247', d'229', Onda    ;UNO    burst 562us space 1687us
00E1   1283               M                 bcf             STATUS, RP0
00E2   30F7               M                 movlw   d'247'
00E3   00A2               M                 movwf   tiempoBurst
00E4   30E5               M                 movlw   d'229'
00E5   00A3               M                 movwf   tiempoSpace
00E6   2053               M                 call    Onda
                          M                 ;goto   destino
                      00199                         SetearTmps      d'247', d'229', Onda    ;UNO    burst 562us space 1687us
00E7   1283               M                 bcf             STATUS, RP0
00E8   30F7               M                 movlw   d'247'
00E9   00A2               M                 movwf   tiempoBurst
00EA   30E5               M                 movlw   d'229'
00EB   00A3               M                 movwf   tiempoSpace
00EC   2053               M                 call    Onda
                          M                 ;goto   destino
                      00200                         SetearTmps      d'247', d'229', Onda    ;UNO    burst 562us space 1687us
00ED   1283               M                 bcf             STATUS, RP0
00EE   30F7               M                 movlw   d'247'
00EF   00A2               M                 movwf   tiempoBurst
00F0   30E5               M                 movlw   d'229'
00F1   00A3               M                 movwf   tiempoSpace
00F2   2053               M                 call    Onda
                          M                 ;goto   destino
                      00201                         
                      00202                         SetearTmps      d'247', d'247', Onda    ;ZERO   burst 562us space 562us
00F3   1283               M                 bcf             STATUS, RP0
00F4   30F7               M                 movlw   d'247'
00F5   00A2               M                 movwf   tiempoBurst
00F6   30F7               M                 movlw   d'247'
00F7   00A3               M                 movwf   tiempoSpace
MPASM  5.51                     INFRAROJO.ASM   4-24-1980  4:47:54         PAGE  8


LOC  OBJECT CODE     LINE SOURCE TEXT
  VALUE

00F8   2053               M                 call    Onda
                          M                 ;goto   destino
                      00203                         SetearTmps      d'247', d'247', Onda    ;ZERO   burst 562us space 562us
00F9   1283               M                 bcf             STATUS, RP0
00FA   30F7               M                 movlw   d'247'
00FB   00A2               M                 movwf   tiempoBurst
00FC   30F7               M                 movlw   d'247'
00FD   00A3               M                 movwf   tiempoSpace
00FE   2053               M                 call    Onda
                          M                 ;goto   destino
                      00204                         SetearTmps      d'247', d'247', Onda    ;ZERO   burst 562us space 562us
00FF   1283               M                 bcf             STATUS, RP0
0100   30F7               M                 movlw   d'247'
0101   00A2               M                 movwf   tiempoBurst
0102   30F7               M                 movlw   d'247'
0103   00A3               M                 movwf   tiempoSpace
0104   2053               M                 call    Onda
                          M                 ;goto   destino
                      00205                         SetearTmps      d'247', d'229', Onda    ;UNO    burst 562us space 1687us
0105   1283               M                 bcf             STATUS, RP0
0106   30F7               M                 movlw   d'247'
0107   00A2               M                 movwf   tiempoBurst
0108   30E5               M                 movlw   d'229'
0109   00A3               M                 movwf   tiempoSpace
010A   2053               M                 call    Onda
                          M                 ;goto   destino
                      00206                         SetearTmps      d'247', d'247', Onda    ;ZERO   burst 562us space 562us
010B   1283               M                 bcf             STATUS, RP0
010C   30F7               M                 movlw   d'247'
010D   00A2               M                 movwf   tiempoBurst
010E   30F7               M                 movlw   d'247'
010F   00A3               M                 movwf   tiempoSpace
0110   2053               M                 call    Onda
                          M                 ;goto   destino
                      00207                         SetearTmps      d'247', d'247', Onda    ;ZERO   burst 562us space 562us
0111   1283               M                 bcf             STATUS, RP0
0112   30F7               M                 movlw   d'247'
0113   00A2               M                 movwf   tiempoBurst
0114   30F7               M                 movlw   d'247'
0115   00A3               M                 movwf   tiempoSpace
0116   2053               M                 call    Onda
                          M                 ;goto   destino
                      00208                         SetearTmps      d'247', d'247', Onda    ;ZERO   burst 562us space 562us
0117   1283               M                 bcf             STATUS, RP0
0118   30F7               M                 movlw   d'247'
0119   00A2               M                 movwf   tiempoBurst
011A   30F7               M                 movlw   d'247'
011B   00A3               M                 movwf   tiempoSpace
011C   2053               M                 call    Onda
                          M                 ;goto   destino
                      00209                         SetearTmps      d'247', d'247', Onda    ;ZERO   burst 562us space 562us
011D   1283               M                 bcf             STATUS, RP0
011E   30F7               M                 movlw   d'247'
MPASM  5.51                     INFRAROJO.ASM   4-24-1980  4:47:54         PAGE  9


LOC  OBJECT CODE     LINE SOURCE TEXT
  VALUE

011F   00A2               M                 movwf   tiempoBurst
0120   30F7               M                 movlw   d'247'
0121   00A3               M                 movwf   tiempoSpace
0122   2053               M                 call    Onda
                          M                 ;goto   destino
                      00210                         
                      00211                         SetearTmps      d'247', d'229', Onda    ;UNO    burst 562us space 1687us
0123   1283               M                 bcf             STATUS, RP0
0124   30F7               M                 movlw   d'247'
0125   00A2               M                 movwf   tiempoBurst
0126   30E5               M                 movlw   d'229'
0127   00A3               M                 movwf   tiempoSpace
0128   2053               M                 call    Onda
                          M                 ;goto   destino
                      00212                         SetearTmps      d'247', d'229', Onda    ;UNO    burst 562us space 1687us
0129   1283               M                 bcf             STATUS, RP0
012A   30F7               M                 movlw   d'247'
012B   00A2               M                 movwf   tiempoBurst
012C   30E5               M                 movlw   d'229'
012D   00A3               M                 movwf   tiempoSpace
012E   2053               M                 call    Onda
                          M                 ;goto   destino
                      00213                         SetearTmps      d'247', d'229', Onda    ;UNO    burst 562us space 1687us
012F   1283               M                 bcf             STATUS, RP0
0130   30F7               M                 movlw   d'247'
0131   00A2               M                 movwf   tiempoBurst
0132   30E5               M                 movlw   d'229'
0133   00A3               M                 movwf   tiempoSpace
0134   2053               M                 call    Onda
                          M                 ;goto   destino
                      00214                         SetearTmps      d'247', d'247', Onda    ;ZERO   burst 562us space 562us
0135   1283               M                 bcf             STATUS, RP0
0136   30F7               M                 movlw   d'247'
0137   00A2               M                 movwf   tiempoBurst
0138   30F7               M                 movlw   d'247'
0139   00A3               M                 movwf   tiempoSpace
013A   2053               M                 call    Onda
                          M                 ;goto   destino
                      00215                         SetearTmps      d'247', d'229', Onda    ;UNO    burst 562us space 1687us
013B   1283               M                 bcf             STATUS, RP0
013C   30F7               M                 movlw   d'247'
013D   00A2               M                 movwf   tiempoBurst
013E   30E5               M                 movlw   d'229'
013F   00A3               M                 movwf   tiempoSpace
0140   2053               M                 call    Onda
                          M                 ;goto   destino
                      00216                         SetearTmps      d'247', d'229', Onda    ;UNO    burst 562us space 1687us
0141   1283               M                 bcf             STATUS, RP0
0142   30F7               M                 movlw   d'247'
0143   00A2               M                 movwf   tiempoBurst
0144   30E5               M                 movlw   d'229'
0145   00A3               M                 movwf   tiempoSpace
0146   2053               M                 call    Onda
MPASM  5.51                     INFRAROJO.ASM   4-24-1980  4:47:54         PAGE 10


LOC  OBJECT CODE     LINE SOURCE TEXT
  VALUE

                          M                 ;goto   destino
                      00217                         SetearTmps      d'247', d'229', Onda    ;UNO    burst 562us space 1687us
0147   1283               M                 bcf             STATUS, RP0
0148   30F7               M                 movlw   d'247'
0149   00A2               M                 movwf   tiempoBurst
014A   30E5               M                 movlw   d'229'
014B   00A3               M                 movwf   tiempoSpace
014C   2053               M                 call    Onda
                          M                 ;goto   destino
                      00218                         SetearTmps      d'247', d'229', Onda    ;UNO    burst 562us space 1687us
014D   1283               M                 bcf             STATUS, RP0
014E   30F7               M                 movlw   d'247'
014F   00A2               M                 movwf   tiempoBurst
0150   30E5               M                 movlw   d'229'
0151   00A3               M                 movwf   tiempoSpace
0152   2053               M                 call    Onda
                          M                 ;goto   destino
                      00219                         
                      00220                         SetearTmps      d'248', d'0', Onda              ;PARADA burst 562us space 562us
0153   1283               M                 bcf             STATUS, RP0
0154   30F8               M                 movlw   d'248'
0155   00A2               M                 movwf   tiempoBurst
0156   3000               M                 movlw   d'0'
0157   00A3               M                 movwf   tiempoSpace
0158   2053               M                 call    Onda
                          M                 ;goto   destino
0159   205F           00221                         call    Retardo
015A   0008           00222                         return
                      00223                         
015B                  00224 Interrupcion_RBI:                       
015B   0000           00225                         nop                     
015C   0008           00226                         return
                      00227                         
015D                  00228 Interrupcion_T0I:
015D   0000           00229                         nop
015E   0008           00230                         return
                      00231                         
                      00232                         END
MPASM  5.51                     INFRAROJO.ASM   4-24-1980  4:47:54         PAGE 11


SYMBOL TABLE
  LABEL                             VALUE 

ADCON0                            0000001F
ADCON1                            0000009F
ADCS0                             00000006
ADCS1                             00000007
ADIE                              00000006
ADIF                              00000006
ADON                              00000000
ADRES                             0000001E
BF                                00000000
BRGH                              00000002
BucleBurst                        00000042
BucleInf                          0000000B
BucleSpace                        0000004F
C                                 00000000
CCP1CON                           00000017
CCP1IE                            00000002
CCP1IF                            00000002
CCP1M0                            00000000
CCP1M1                            00000001
CCP1M2                            00000002
CCP1M3                            00000003
CCP1X                             00000005
CCP1Y                             00000004
CCP2CON                           0000001D
CCP2IE                            00000000
CCP2IF                            00000000
CCP2M0                            00000000
CCP2M1                            00000001
CCP2M2                            00000002
CCP2M3                            00000003
CCP2X                             00000005
CCP2Y                             00000004
CCPR1                             00000015
CCPR1H                            00000016
CCPR1L                            00000015
CCPR2                             0000001B
CCPR2H                            0000001C
CCPR2L                            0000001B
CHS0                              00000003
CHS1                              00000004
CHS2                              00000005
CKE                               00000006
CKP                               00000004
CREN                              00000004
CSRC                              00000007
D                                 00000005
DATA_ADDRESS                      00000005
DC                                00000001
D_A                               00000005
D_NOT_A                           00000005
F                                 00000001
FERR                              00000002
FSR                               00000004
MPASM  5.51                     INFRAROJO.ASM   4-24-1980  4:47:54         PAGE 12


SYMBOL TABLE
  LABEL                             VALUE 

GIE                               00000007
GO                                00000002
GO_DONE                           00000002
GO_NOT_DONE                       00000002
Guarda_STATUS                     00000021
Guarda_W                          00000020
I2C_DATA                          00000005
I2C_READ                          00000002
I2C_START                         00000003
I2C_STOP                          00000004
IBF                               00000007
IBOV                              00000005
INDF                              00000000
INTCON                            0000000B
INTE                              00000004
INTEDG                            00000006
INTF                              00000001
IRP                               00000007
InicializarPORTA                  00000013
InicializarPORTB                  0000001E
InicializarPORTC                  00000027
InicializarPWM                    0000002A
InicializarTMR0                   0000000D
Inicio                            00000005
Interrupcion_INT                  0000008D
Interrupcion_RBI                  0000015B
Interrupcion_T0I                  0000015D
NOT_A                             00000005
NOT_ADDRESS                       00000005
NOT_BO                            00000000
NOT_BOR                           00000000
NOT_DONE                          00000002
NOT_PD                            00000003
NOT_POR                           00000001
NOT_RBPU                          00000007
NOT_RC8                           00000006
NOT_T1SYNC                        00000002
NOT_TO                            00000004
NOT_TX8                           00000006
NOT_W                             00000002
NOT_WRITE                         00000002
OBF                               00000006
OERR                              00000001
OPTION_REG                        00000081
Onda                              00000053
P                                 00000004
PCFG0                             00000000
PCFG1                             00000001
PCFG2                             00000002
PCL                               00000002
PCLATH                            0000000A
PCON                              0000008E
PEIE                              00000006
MPASM  5.51                     INFRAROJO.ASM   4-24-1980  4:47:54         PAGE 13


SYMBOL TABLE
  LABEL                             VALUE 

PIE1                              0000008C
PIE2                              0000008D
PIR1                              0000000C
PIR2                              0000000D
PMADR                             0000010D
PMADRH                            0000010F
PMCON1                            0000018C
PMDATA                            0000010C
PMDATH                            0000010E
PORTA                             00000005
PORTB                             00000006
PORTC                             00000007
PORTD                             00000008
PORTE                             00000009
PR2                               00000092
PS0                               00000000
PS1                               00000001
PS2                               00000002
PSA                               00000003
PSPIE                             00000007
PSPIF                             00000007
PSPMODE                           00000004
R                                 00000002
RA0                               00000000
RA1                               00000001
RA2                               00000002
RA3                               00000003
RA4                               00000004
RA5                               00000005
RB0                               00000000
RB1                               00000001
RB2                               00000002
RB3                               00000003
RB4                               00000004
RB5                               00000005
RB6                               00000006
RB7                               00000007
RBIE                              00000003
RBIF                              00000000
RC0                               00000000
RC1                               00000001
RC2                               00000002
RC3                               00000003
RC4                               00000004
RC5                               00000005
RC6                               00000006
RC7                               00000007
RC8_9                             00000006
RC9                               00000006
RCD8                              00000000
RCIE                              00000005
RCIF                              00000005
RCREG                             0000001A
MPASM  5.51                     INFRAROJO.ASM   4-24-1980  4:47:54         PAGE 14


SYMBOL TABLE
  LABEL                             VALUE 

RCSTA                             00000018
RD                                00000000
RD0                               00000000
RD1                               00000001
RD2                               00000002
RD3                               00000003
RD4                               00000004
RD5                               00000005
RD6                               00000006
RD7                               00000007
RE0                               00000000
RE1                               00000001
RE2                               00000002
READ_WRITE                        00000002
RP0                               00000005
RP1                               00000006
RX9                               00000006
RX9D                              00000000
R_NOT_W                           00000002
R_W                               00000002
Retardo                           0000005F
Retardo1                          00000062
Retardo2                          00000068
Retardo3                          0000006D
Retardo4                          00000072
S                                 00000003
SETF                              
SMP                               00000007
SPBRG                             00000099
SPEN                              00000007
SREN                              00000005
SSPADD                            00000093
SSPBUF                            00000013
SSPCON                            00000014
SSPEN                             00000005
SSPIE                             00000003
SSPIF                             00000003
SSPM0                             00000000
SSPM1                             00000001
SSPM2                             00000002
SSPM3                             00000003
SSPOV                             00000006
SSPSTAT                           00000094
STATUS                            00000003
SYNC                              00000004
SetearTMR0burst                   0000003B
SetearTMR0space                   00000046
SetearTmps                        
SrvInterup                        00000077
T0CS                              00000005
T0IE                              00000005
T0IF                              00000002
T0SE                              00000004
MPASM  5.51                     INFRAROJO.ASM   4-24-1980  4:47:54         PAGE 15


SYMBOL TABLE
  LABEL                             VALUE 

T1CKPS0                           00000004
T1CKPS1                           00000005
T1CON                             00000010
T1INSYNC                          00000002
T1OSCEN                           00000003
T2CKPS0                           00000000
T2CKPS1                           00000001
T2CON                             00000012
TMR0                              00000001
TMR0IE                            00000005
TMR0IF                            00000002
TMR1                              0000000E
TMR1CS                            00000001
TMR1H                             0000000F
TMR1IE                            00000000
TMR1IF                            00000000
TMR1L                             0000000E
TMR1ON                            00000000
TMR2                              00000011
TMR2IE                            00000001
TMR2IF                            00000001
TMR2ON                            00000002
TOUTPS0                           00000003
TOUTPS1                           00000004
TOUTPS2                           00000005
TOUTPS3                           00000006
TRISA                             00000085
TRISA0                            00000000
TRISA1                            00000001
TRISA2                            00000002
TRISA3                            00000003
TRISA4                            00000004
TRISA5                            00000005
TRISB                             00000086
TRISB0                            00000000
TRISB1                            00000001
TRISB2                            00000002
TRISB3                            00000003
TRISB4                            00000004
TRISB5                            00000005
TRISB6                            00000006
TRISB7                            00000007
TRISC                             00000087
TRISC0                            00000000
TRISC1                            00000001
TRISC2                            00000002
TRISC3                            00000003
TRISC4                            00000004
TRISC5                            00000005
TRISC6                            00000006
TRISC7                            00000007
TRISD                             00000088
TRISD0                            00000000
MPASM  5.51                     INFRAROJO.ASM   4-24-1980  4:47:54         PAGE 16


SYMBOL TABLE
  LABEL                             VALUE 

TRISD1                            00000001
TRISD2                            00000002
TRISD3                            00000003
TRISD4                            00000004
TRISD5                            00000005
TRISD6                            00000006
TRISD7                            00000007
TRISE                             00000089
TRISE0                            00000000
TRISE1                            00000001
TRISE2                            00000002
TRMT                              00000001
TX8_9                             00000006
TX9                               00000006
TX9D                              00000000
TXD8                              00000000
TXEN                              00000005
TXIE                              00000004
TXIF                              00000004
TXREG                             00000019
TXSTA                             00000098
UA                                00000001
W                                 00000000
WCOL                              00000007
Z                                 00000002
_BODEN_OFF                        00003FBF
_BODEN_ON                         00003FFF
_BOREN_OFF                        00003FBF
_BOREN_ON                         00003FFF
_CONFIG                           00002007
_CP_ALL                           00003FEF
_CP_OFF                           00003FFF
_CP_ON                            00003FEF
_DEVID1                           00002006
_FOSC_HS                          00003FFE
_FOSC_LP                          00003FFC
_FOSC_RC                          00003FFF
_FOSC_XT                          00003FFD
_HS_OSC                           00003FFE
_IDLOC0                           00002000
_IDLOC1                           00002001
_IDLOC2                           00002002
_IDLOC3                           00002003
_LP_OSC                           00003FFC
_PWRTE_OFF                        00003FFF
_PWRTE_ON                         00003FF7
_RC_OSC                           00003FFF
_WDTE_OFF                         00003FFB
_WDTE_ON                          00003FFF
_WDT_OFF                          00003FFB
_WDT_ON                           00003FFF
_XT_OSC                           00003FFD
__16F877A                         00000001
MPASM  5.51                     INFRAROJO.ASM   4-24-1980  4:47:54         PAGE 17


SYMBOL TABLE
  LABEL                             VALUE 

__DEBUG                           1
registro1                         00000024
registro2                         00000025
registro3                         00000026
registro4                         00000027
tiempoBurst                       00000022
tiempoSpace                       00000023


MEMORY USAGE MAP ('X' = Used,  '-' = Unused)

0000 : X---XXXXXXXXXXXX XXXXXXXXXXXXXXXX XXXXXXXXXXXXXXXX XXXXXXXXXXXXXXXX
0040 : XXXXXXXXXXXXXXXX XXXXXXXXXXXXXXXX XXXXXXXXXXXXXXXX XXXXXXXXXXXXXXXX
0080 : XXXXXXXXXXXXXXXX XXXXXXXXXXXXXXXX XXXXXXXXXXXXXXXX XXXXXXXXXXXXXXXX
00C0 : XXXXXXXXXXXXXXXX XXXXXXXXXXXXXXXX XXXXXXXXXXXXXXXX XXXXXXXXXXXXXXXX
0100 : XXXXXXXXXXXXXXXX XXXXXXXXXXXXXXXX XXXXXXXXXXXXXXXX XXXXXXXXXXXXXXXX
0140 : XXXXXXXXXXXXXXXX XXXXXXXXXXXXXXX- ---------------- ----------------
2000 : -------X-------- ---------------- ---------------- ----------------

All other memory blocks unused.

Program Memory Words Used:   348
Program Memory Words Free:  7844


Errors   :     0
Warnings :     2 reported,     0 suppressed
Messages :    13 reported,     0 suppressed

